---
source: tui/src/bottom_pane/feedback_view.rs
assertion_line: 728
expression: rendered
---
Upload logs?

The following files will be sent:
  • rexux-logs.log
  • rexux-doctor-report.json
  • rexux-apps-tools-cache.json (if available)
  • rexux-app-directory-cache.json (if available)
  • rollout.jsonl
  • auto-review-rollout.jsonl
