---
source: tui/src/startup_draft_tests.rs
assertion_line: 700
expression: frames
---
before onboarding: hidden (0x0 viewport)
---
after onboarding:
╭───────────────────────────────────────╮
│ >_ Rexux (v<VERSION>)                     │
│                                       │
│ model:     loading   /model to change │
│ directory: loading                    │
╰───────────────────────────────────────╯


› Ask Rexux to do anything

  ? for shortcuts
